

================================================================
== Vitis HLS Report for 'stream2mem'
================================================================
* Date:           Tue Jan  9 15:54:12 2024

* Version:        2023.1 (Build 3854077 on May  4 2023)
* Project:        stream2mem
* Solution:       solution1 (Vivado IP Flow Target)
* Product family: zynq
* Target device:  xc7z020-clg484-2


================================================================
== Performance Estimates
================================================================
+ Timing: 
    * Summary: 
    +--------+----------+----------+------------+
    |  Clock |  Target  | Estimated| Uncertainty|
    +--------+----------+----------+------------+
    |ap_clk  |  10.00 ns|  7.300 ns|     2.70 ns|
    +--------+----------+----------+------------+

+ Latency: 
    * Summary: 
    +---------+---------+-----------+-----------+---------+---------+----------+
    |  Latency (cycles) |   Latency (absolute)  |      Interval     | Pipeline |
    |   min   |   max   |    min    |    max    |   min   |   max   |   Type   |
    +---------+---------+-----------+-----------+---------+---------+----------+
    |  2084406|  8860336|  20.844 ms|  88.603 ms|  2084407|  8860335|  dataflow|
    +---------+---------+-----------+-----------+---------+---------+----------+

    + Detail: 
        * Instance: 
        +---------------------------------------+--------------------------------------+---------+---------+-----------+-----------+---------+---------+---------+
        |                                       |                                      |  Latency (cycles) |   Latency (absolute)  |      Interval     | Pipeline|
        |                Instance               |                Module                |   min   |   max   |    min    |    max    |   min   |   max   |   Type  |
        +---------------------------------------+--------------------------------------+---------+---------+-----------+-----------+---------+---------+---------+
        |AXIvideo2xfMat_24_16_1080_1920_1_2_U0  |AXIvideo2xfMat_24_16_1080_1920_1_2_s  |  2084406|  2085487|  20.844 ms|  20.855 ms|  2084406|  2085487|       no|
        |mat2mem_1080_1920_U0                   |mat2mem_1080_1920_s                   |      472|  8860334|   4.720 us|  88.603 ms|      472|  8860334|       no|
        +---------------------------------------+--------------------------------------+---------+---------+-----------+-----------+---------+---------+---------+

        * Loop: 
        N/A



================================================================
== Utilization Estimates
================================================================
* Summary: 
+-----------------+---------+-----+--------+-------+-----+
|       Name      | BRAM_18K| DSP |   FF   |  LUT  | URAM|
+-----------------+---------+-----+--------+-------+-----+
|DSP              |        -|    -|       -|      -|    -|
|Expression       |        -|    -|       -|      -|    -|
|FIFO             |        -|    -|     297|    204|    -|
|Instance         |        5|    2|    2277|   3129|    -|
|Memory           |        -|    -|       -|      -|    -|
|Multiplexer      |        -|    -|       -|      -|    -|
|Register         |        -|    -|       -|      -|    -|
+-----------------+---------+-----+--------+-------+-----+
|Total            |        5|    2|    2574|   3333|    0|
+-----------------+---------+-----+--------+-------+-----+
|Available        |      280|  220|  106400|  53200|    0|
+-----------------+---------+-----+--------+-------+-----+
|Utilization (%)  |        1|   ~0|       2|      6|    0|
+-----------------+---------+-----+--------+-------+-----+

+ Detail: 
    * Instance: 
    +---------------------------------------+--------------------------------------+---------+----+------+------+-----+
    |                Instance               |                Module                | BRAM_18K| DSP|  FF  |  LUT | URAM|
    +---------------------------------------+--------------------------------------+---------+----+------+------+-----+
    |AXIvideo2xfMat_24_16_1080_1920_1_2_U0  |AXIvideo2xfMat_24_16_1080_1920_1_2_s  |        0|   0|   101|   374|    0|
    |control_s_axi_U                        |control_s_axi                         |        0|   0|   256|   368|    0|
    |gmem_m_axi_U                           |gmem_m_axi                            |        4|   0|   830|   734|    0|
    |mat2mem_1080_1920_U0                   |mat2mem_1080_1920_s                   |        1|   2|  1090|  1653|    0|
    +---------------------------------------+--------------------------------------+---------+----+------+------+-----+
    |Total                                  |                                      |        5|   2|  2277|  3129|    0|
    +---------------------------------------+--------------------------------------+---------+----+------+------+-----+

    * DSP: 
    N/A

    * Memory: 
    N/A

    * FIFO: 
    +--------------+---------+----+----+-----+------+-----+---------+
    |     Name     | BRAM_18K| FF | LUT| URAM| Depth| Bits| Size:D*B|
    +--------------+---------+----+----+-----+------+-----+---------+
    |img_cols_c_U  |        0|  99|   0|    -|     2|    8|       16|
    |img_data_U    |        0|  99|   0|    -|     2|   24|       48|
    |img_rows_c_U  |        0|  99|   0|    -|     2|   11|       22|
    +--------------+---------+----+----+-----+------+-----+---------+
    |Total         |        0| 297|   0|    0|     6|   43|       86|
    +--------------+---------+----+----+-----+------+-----+---------+

    * Expression: 
    N/A

    * Multiplexer: 
    N/A

    * Register: 
    N/A



================================================================
== Interface
================================================================
* Summary: 
+-----------------------+-----+-----+--------------+------------------+--------------+
|       RTL Ports       | Dir | Bits|   Protocol   |   Source Object  |    C Type    |
+-----------------------+-----+-----+--------------+------------------+--------------+
|s_axi_control_AWVALID  |   in|    1|         s_axi|           control|         array|
|s_axi_control_AWREADY  |  out|    1|         s_axi|           control|         array|
|s_axi_control_AWADDR   |   in|    6|         s_axi|           control|         array|
|s_axi_control_WVALID   |   in|    1|         s_axi|           control|         array|
|s_axi_control_WREADY   |  out|    1|         s_axi|           control|         array|
|s_axi_control_WDATA    |   in|   32|         s_axi|           control|         array|
|s_axi_control_WSTRB    |   in|    4|         s_axi|           control|         array|
|s_axi_control_ARVALID  |   in|    1|         s_axi|           control|         array|
|s_axi_control_ARREADY  |  out|    1|         s_axi|           control|         array|
|s_axi_control_ARADDR   |   in|    6|         s_axi|           control|         array|
|s_axi_control_RVALID   |  out|    1|         s_axi|           control|         array|
|s_axi_control_RREADY   |   in|    1|         s_axi|           control|         array|
|s_axi_control_RDATA    |  out|   32|         s_axi|           control|         array|
|s_axi_control_RRESP    |  out|    2|         s_axi|           control|         array|
|s_axi_control_BVALID   |  out|    1|         s_axi|           control|         array|
|s_axi_control_BREADY   |   in|    1|         s_axi|           control|         array|
|s_axi_control_BRESP    |  out|    2|         s_axi|           control|         array|
|ap_clk                 |   in|    1|  ap_ctrl_none|        stream2mem|  return value|
|ap_rst_n               |   in|    1|  ap_ctrl_none|        stream2mem|  return value|
|m_axi_gmem_AWVALID     |  out|    1|         m_axi|              gmem|       pointer|
|m_axi_gmem_AWREADY     |   in|    1|         m_axi|              gmem|       pointer|
|m_axi_gmem_AWADDR      |  out|   64|         m_axi|              gmem|       pointer|
|m_axi_gmem_AWID        |  out|    1|         m_axi|              gmem|       pointer|
|m_axi_gmem_AWLEN       |  out|    8|         m_axi|              gmem|       pointer|
|m_axi_gmem_AWSIZE      |  out|    3|         m_axi|              gmem|       pointer|
|m_axi_gmem_AWBURST     |  out|    2|         m_axi|              gmem|       pointer|
|m_axi_gmem_AWLOCK      |  out|    2|         m_axi|              gmem|       pointer|
|m_axi_gmem_AWCACHE     |  out|    4|         m_axi|              gmem|       pointer|
|m_axi_gmem_AWPROT      |  out|    3|         m_axi|              gmem|       pointer|
|m_axi_gmem_AWQOS       |  out|    4|         m_axi|              gmem|       pointer|
|m_axi_gmem_AWREGION    |  out|    4|         m_axi|              gmem|       pointer|
|m_axi_gmem_AWUSER      |  out|    1|         m_axi|              gmem|       pointer|
|m_axi_gmem_WVALID      |  out|    1|         m_axi|              gmem|       pointer|
|m_axi_gmem_WREADY      |   in|    1|         m_axi|              gmem|       pointer|
|m_axi_gmem_WDATA       |  out|   32|         m_axi|              gmem|       pointer|
|m_axi_gmem_WSTRB       |  out|    4|         m_axi|              gmem|       pointer|
|m_axi_gmem_WLAST       |  out|    1|         m_axi|              gmem|       pointer|
|m_axi_gmem_WID         |  out|    1|         m_axi|              gmem|       pointer|
|m_axi_gmem_WUSER       |  out|    1|         m_axi|              gmem|       pointer|
|m_axi_gmem_ARVALID     |  out|    1|         m_axi|              gmem|       pointer|
|m_axi_gmem_ARREADY     |   in|    1|         m_axi|              gmem|       pointer|
|m_axi_gmem_ARADDR      |  out|   64|         m_axi|              gmem|       pointer|
|m_axi_gmem_ARID        |  out|    1|         m_axi|              gmem|       pointer|
|m_axi_gmem_ARLEN       |  out|    8|         m_axi|              gmem|       pointer|
|m_axi_gmem_ARSIZE      |  out|    3|         m_axi|              gmem|       pointer|
|m_axi_gmem_ARBURST     |  out|    2|         m_axi|              gmem|       pointer|
|m_axi_gmem_ARLOCK      |  out|    2|         m_axi|              gmem|       pointer|
|m_axi_gmem_ARCACHE     |  out|    4|         m_axi|              gmem|       pointer|
|m_axi_gmem_ARPROT      |  out|    3|         m_axi|              gmem|       pointer|
|m_axi_gmem_ARQOS       |  out|    4|         m_axi|              gmem|       pointer|
|m_axi_gmem_ARREGION    |  out|    4|         m_axi|              gmem|       pointer|
|m_axi_gmem_ARUSER      |  out|    1|         m_axi|              gmem|       pointer|
|m_axi_gmem_RVALID      |   in|    1|         m_axi|              gmem|       pointer|
|m_axi_gmem_RREADY      |  out|    1|         m_axi|              gmem|       pointer|
|m_axi_gmem_RDATA       |   in|   32|         m_axi|              gmem|       pointer|
|m_axi_gmem_RLAST       |   in|    1|         m_axi|              gmem|       pointer|
|m_axi_gmem_RID         |   in|    1|         m_axi|              gmem|       pointer|
|m_axi_gmem_RUSER       |   in|    1|         m_axi|              gmem|       pointer|
|m_axi_gmem_RRESP       |   in|    2|         m_axi|              gmem|       pointer|
|m_axi_gmem_BVALID      |   in|    1|         m_axi|              gmem|       pointer|
|m_axi_gmem_BREADY      |  out|    1|         m_axi|              gmem|       pointer|
|m_axi_gmem_BRESP       |   in|    2|         m_axi|              gmem|       pointer|
|m_axi_gmem_BID         |   in|    1|         m_axi|              gmem|       pointer|
|m_axi_gmem_BUSER       |   in|    1|         m_axi|              gmem|       pointer|
|vstream_TDATA          |   in|   24|          axis|  vstream_V_data_V|       pointer|
|vstream_TKEEP          |   in|    3|          axis|  vstream_V_keep_V|       pointer|
|vstream_TSTRB          |   in|    3|          axis|  vstream_V_strb_V|       pointer|
|vstream_TUSER          |   in|    1|          axis|  vstream_V_user_V|       pointer|
|vstream_TLAST          |   in|    1|          axis|  vstream_V_last_V|       pointer|
|vstream_TID            |   in|    1|          axis|    vstream_V_id_V|       pointer|
|vstream_TDEST          |   in|    1|          axis|  vstream_V_dest_V|       pointer|
|vstream_TVALID         |   in|    1|          axis|  vstream_V_dest_V|       pointer|
|vstream_TREADY         |  out|    1|          axis|  vstream_V_dest_V|       pointer|
|indexw                 |  out|   32|       ap_none|            indexw|       pointer|
|indexr                 |   in|   32|       ap_none|            indexr|        scalar|
+-----------------------+-----+-----+--------------+------------------+--------------+

