

================================================================
== Vitis HLS Report for 'xfMat2AXIvideo_24_16_1080_1920_1_2_s'
================================================================
* Date:           Tue Jan  9 15:42:05 2024

* Version:        2023.1 (Build 3854077 on May  4 2023)
* Project:        mem2stream
* Solution:       solution1 (Vivado IP Flow Target)
* Product family: zynq
* Target device:  xc7z020-clg484-2


================================================================
== Performance Estimates
================================================================
+ Timing: 
    * Summary: 
    +--------+----------+----------+------------+
    |  Clock |  Target  | Estimated| Uncertainty|
    +--------+----------+----------+------------+
    |ap_clk  |  10.00 ns|  4.883 ns|     2.70 ns|
    +--------+----------+----------+------------+

+ Latency: 
    * Summary: 
    +---------+---------+-----------+-----------+-----+---------+---------+
    |  Latency (cycles) |   Latency (absolute)  |    Interval   | Pipeline|
    |   min   |   max   |    min    |    max    | min |   max   |   Type  |
    +---------+---------+-----------+-----------+-----+---------+---------+
    |        2|  2079002|  20.000 ns|  20.790 ms|    2|  2079002|       no|
    +---------+---------+-----------+-----------+-----+---------+---------+

    + Detail: 
        * Instance: 
        +-------------------------------------------------------------------------+--------------------------------------------------------------+---------+---------+-----------+-----------+-----+------+---------+
        |                                                                         |                                                              |  Latency (cycles) |   Latency (absolute)  |  Interval  | Pipeline|
        |                                 Instance                                |                            Module                            |   min   |   max   |    min    |    max    | min |  max |   Type  |
        +-------------------------------------------------------------------------+--------------------------------------------------------------+---------+---------+-----------+-----------+-----+------+---------+
        |grp_xfMat2AXIvideo_24_16_1080_1920_1_2_Pipeline_loop_col_mat2axi_fu_100  |xfMat2AXIvideo_24_16_1080_1920_1_2_Pipeline_loop_col_mat2axi  |        4|     1923|  40.000 ns|  19.230 us|    4|  1923|       no|
        +-------------------------------------------------------------------------+--------------------------------------------------------------+---------+---------+-----------+-----------+-----+------+---------+

        * Loop: 
        +--------------------+---------+---------+----------+-----------+-----------+----------+----------+
        |                    |  Latency (cycles) | Iteration|  Initiation Interval  |   Trip   |          |
        |      Loop Name     |   min   |   max   |  Latency |  achieved |   target  |   Count  | Pipelined|
        +--------------------+---------+---------+----------+-----------+-----------+----------+----------+
        |- loop_row_mat2axi  |        0|  2079000|  2 ~ 1925|          -|          -|  0 ~ 1080|        no|
        +--------------------+---------+---------+----------+-----------+-----------+----------+----------+



================================================================
== Utilization Estimates
================================================================
* Summary: 
+-----------------+---------+-----+--------+-------+-----+
|       Name      | BRAM_18K| DSP |   FF   |  LUT  | URAM|
+-----------------+---------+-----+--------+-------+-----+
|DSP              |        -|    -|       -|      -|    -|
|Expression       |        -|    -|       0|     45|    -|
|FIFO             |        -|    -|       -|      -|    -|
|Instance         |        -|    -|      18|    104|    -|
|Memory           |        -|    -|       -|      -|    -|
|Multiplexer      |        -|    -|       -|     66|    -|
|Register         |        -|    -|      61|      -|    -|
+-----------------+---------+-----+--------+-------+-----+
|Total            |        0|    0|      79|    215|    0|
+-----------------+---------+-----+--------+-------+-----+
|Available        |      280|  220|  106400|  53200|    0|
+-----------------+---------+-----+--------+-------+-----+
|Utilization (%)  |        0|    0|      ~0|     ~0|    0|
+-----------------+---------+-----+--------+-------+-----+

+ Detail: 
    * Instance: 
    +-------------------------------------------------------------------------+--------------------------------------------------------------+---------+----+----+-----+-----+
    |                                 Instance                                |                            Module                            | BRAM_18K| DSP| FF | LUT | URAM|
    +-------------------------------------------------------------------------+--------------------------------------------------------------+---------+----+----+-----+-----+
    |grp_xfMat2AXIvideo_24_16_1080_1920_1_2_Pipeline_loop_col_mat2axi_fu_100  |xfMat2AXIvideo_24_16_1080_1920_1_2_Pipeline_loop_col_mat2axi  |        0|   0|  18|  104|    0|
    +-------------------------------------------------------------------------+--------------------------------------------------------------+---------+----+----+-----+-----+
    |Total                                                                    |                                                              |        0|   0|  18|  104|    0|
    +-------------------------------------------------------------------------+--------------------------------------------------------------+---------+----+----+-----+-----+

    * DSP: 
    N/A

    * Memory: 
    N/A

    * FIFO: 
    N/A

    * Expression: 
    +----------------------------------------------------------------------------------------+----------+----+---+----+------------+------------+
    |                                      Variable Name                                     | Operation| DSP| FF| LUT| Bitwidth P0| Bitwidth P1|
    +----------------------------------------------------------------------------------------+----------+----+---+----+------------+------------+
    |i_2_fu_161_p2                                                                           |         +|   0|  0|  11|          11|           1|
    |sub_fu_131_p2                                                                           |         +|   0|  0|  12|          12|           2|
    |ap_block_state3_on_subcall_done                                                         |       and|   0|  0|   1|           1|           1|
    |grp_xfMat2AXIvideo_24_16_1080_1920_1_2_Pipeline_loop_col_mat2axi_fu_100_vstream_TREADY  |       and|   0|  0|   1|           1|           1|
    |cmp91_fu_137_p2                                                                         |      icmp|   0|  0|   8|           8|           1|
    |icmp_ln197_fu_156_p2                                                                    |      icmp|   0|  0|  11|          11|          11|
    |ap_block_state1                                                                         |        or|   0|  0|   1|           1|           1|
    +----------------------------------------------------------------------------------------+----------+----+---+----+------------+------------+
    |Total                                                                                   |          |   0|  0|  45|          45|          18|
    +----------------------------------------------------------------------------------------+----------+----+---+----+------------+------------+

    * Multiplexer: 
    +---------------+----+-----------+-----+-----------+
    |      Name     | LUT| Input Size| Bits| Total Bits|
    +---------------+----+-----------+-----+-----------+
    |ap_NS_fsm      |  21|          5|    1|          5|
    |ap_done        |   9|          2|    1|          2|
    |i_fu_80        |   9|          2|   11|         22|
    |img_1_blk_n    |   9|          2|    1|          2|
    |img_2_blk_n    |   9|          2|    1|          2|
    |img_data_read  |   9|          2|    1|          2|
    +---------------+----+-----------+-----+-----------+
    |Total          |  66|         15|   16|         35|
    +---------------+----+-----------+-----+-----------+

    * Register: 
    +--------------------------------------------------------------------------------------+----+----+-----+-----------+
    |                                         Name                                         | FF | LUT| Bits| Const Bits|
    +--------------------------------------------------------------------------------------+----+----+-----+-----------+
    |ap_CS_fsm                                                                             |   4|   0|    4|          0|
    |ap_done_reg                                                                           |   1|   0|    1|          0|
    |cmp91_reg_209                                                                         |   1|   0|    1|          0|
    |cols_reg_194                                                                          |   8|   0|    8|          0|
    |grp_xfMat2AXIvideo_24_16_1080_1920_1_2_Pipeline_loop_col_mat2axi_fu_100_ap_start_reg  |   1|   0|    1|          0|
    |i_2_reg_216                                                                           |  11|   0|   11|          0|
    |i_fu_80                                                                               |  11|   0|   11|          0|
    |rows_reg_199                                                                          |  11|   0|   11|          0|
    |sof_fu_84                                                                             |   1|   0|    1|          0|
    |sub_reg_204                                                                           |  12|   0|   12|          0|
    +--------------------------------------------------------------------------------------+----+----+-----+-----------+
    |Total                                                                                 |  61|   0|   61|          0|
    +--------------------------------------------------------------------------------------+----+----+-----+-----------+



================================================================
== Interface
================================================================
* Summary: 
+-------------------------+-----+-----+------------+------------------------------------------+--------------+
|        RTL Ports        | Dir | Bits|  Protocol  |               Source Object              |    C Type    |
+-------------------------+-----+-----+------------+------------------------------------------+--------------+
|ap_clk                   |   in|    1|  ap_ctrl_hs|  xfMat2AXIvideo<24, 16, 1080, 1920, 1, 2>|  return value|
|ap_rst                   |   in|    1|  ap_ctrl_hs|  xfMat2AXIvideo<24, 16, 1080, 1920, 1, 2>|  return value|
|ap_start                 |   in|    1|  ap_ctrl_hs|  xfMat2AXIvideo<24, 16, 1080, 1920, 1, 2>|  return value|
|ap_done                  |  out|    1|  ap_ctrl_hs|  xfMat2AXIvideo<24, 16, 1080, 1920, 1, 2>|  return value|
|ap_continue              |   in|    1|  ap_ctrl_hs|  xfMat2AXIvideo<24, 16, 1080, 1920, 1, 2>|  return value|
|ap_idle                  |  out|    1|  ap_ctrl_hs|  xfMat2AXIvideo<24, 16, 1080, 1920, 1, 2>|  return value|
|ap_ready                 |  out|    1|  ap_ctrl_hs|  xfMat2AXIvideo<24, 16, 1080, 1920, 1, 2>|  return value|
|img_1_dout               |   in|   11|     ap_fifo|                                     img_1|       pointer|
|img_1_num_data_valid     |   in|    2|     ap_fifo|                                     img_1|       pointer|
|img_1_fifo_cap           |   in|    2|     ap_fifo|                                     img_1|       pointer|
|img_1_empty_n            |   in|    1|     ap_fifo|                                     img_1|       pointer|
|img_1_read               |  out|    1|     ap_fifo|                                     img_1|       pointer|
|img_2_dout               |   in|    8|     ap_fifo|                                     img_2|       pointer|
|img_2_num_data_valid     |   in|    2|     ap_fifo|                                     img_2|       pointer|
|img_2_fifo_cap           |   in|    2|     ap_fifo|                                     img_2|       pointer|
|img_2_empty_n            |   in|    1|     ap_fifo|                                     img_2|       pointer|
|img_2_read               |  out|    1|     ap_fifo|                                     img_2|       pointer|
|img_data_dout            |   in|   24|     ap_fifo|                                  img_data|       pointer|
|img_data_num_data_valid  |   in|    2|     ap_fifo|                                  img_data|       pointer|
|img_data_fifo_cap        |   in|    2|     ap_fifo|                                  img_data|       pointer|
|img_data_empty_n         |   in|    1|     ap_fifo|                                  img_data|       pointer|
|img_data_read            |  out|    1|     ap_fifo|                                  img_data|       pointer|
|vstream_TDATA            |  out|   24|        axis|                          vstream_V_data_V|       pointer|
|vstream_TVALID           |  out|    1|        axis|                          vstream_V_dest_V|       pointer|
|vstream_TREADY           |   in|    1|        axis|                          vstream_V_dest_V|       pointer|
|vstream_TDEST            |  out|    1|        axis|                          vstream_V_dest_V|       pointer|
|vstream_TKEEP            |  out|    3|        axis|                          vstream_V_keep_V|       pointer|
|vstream_TSTRB            |  out|    3|        axis|                          vstream_V_strb_V|       pointer|
|vstream_TUSER            |  out|    1|        axis|                          vstream_V_user_V|       pointer|
|vstream_TLAST            |  out|    1|        axis|                          vstream_V_last_V|       pointer|
|vstream_TID              |  out|    1|        axis|                            vstream_V_id_V|       pointer|
+-------------------------+-----+-----+------------+------------------------------------------+--------------+

