

================================================================
== Vitis HLS Report for 'sum_of_stream_1080_1920_s'
================================================================
* Date:           Tue Jan  9 15:45:24 2024

* Version:        2023.1 (Build 3854077 on May  4 2023)
* Project:        sobel_focus
* Solution:       solution1 (Vivado IP Flow Target)
* Product family: zynq
* Target device:  xc7z020-clg484-2


================================================================
== Performance Estimates
================================================================
+ Timing: 
    * Summary: 
    +--------+----------+----------+------------+
    |  Clock |  Target  | Estimated| Uncertainty|
    +--------+----------+----------+------------+
    |ap_clk  |  10.00 ns|  6.521 ns|     2.70 ns|
    +--------+----------+----------+------------+

+ Latency: 
    * Summary: 
    +---------+---------+-----------+-----------+---------+---------+---------+
    |  Latency (cycles) |   Latency (absolute)  |      Interval     | Pipeline|
    |   min   |   max   |    min    |    max    |   min   |   max   |   Type  |
    +---------+---------+-----------+-----------+---------+---------+---------+
    |  2073603|  2073603|  20.736 ms|  20.736 ms|  2073603|  2073603|       no|
    +---------+---------+-----------+-----------+---------+---------+---------+

    + Detail: 
        * Instance: 
        N/A

        * Loop: 
        +-----------------------------------+---------+---------+----------+-----------+-----------+---------+----------+
        |                                   |  Latency (cycles) | Iteration|  Initiation Interval  |   Trip  |          |
        |             Loop Name             |   min   |   max   |  Latency |  achieved |   target  |  Count  | Pipelined|
        +-----------------------------------+---------+---------+----------+-----------+-----------+---------+----------+
        |- VITIS_LOOP_21_1_VITIS_LOOP_23_2  |  2073601|  2073601|         2|          1|          1|  2073600|       yes|
        +-----------------------------------+---------+---------+----------+-----------+-----------+---------+----------+



================================================================
== Utilization Estimates
================================================================
* Summary: 
+-----------------+---------+-----+--------+-------+-----+
|       Name      | BRAM_18K| DSP |   FF   |  LUT  | URAM|
+-----------------+---------+-----+--------+-------+-----+
|DSP              |        -|    -|       -|      -|    -|
|Expression       |        -|    -|       0|     77|    -|
|FIFO             |        -|    -|       -|      -|    -|
|Instance         |        -|    -|       -|      -|    -|
|Memory           |        -|    -|       -|      -|    -|
|Multiplexer      |        -|    -|       -|     72|    -|
|Register         |        -|    -|      85|      -|    -|
+-----------------+---------+-----+--------+-------+-----+
|Total            |        0|    0|      85|    149|    0|
+-----------------+---------+-----+--------+-------+-----+
|Available        |      280|  220|  106400|  53200|    0|
+-----------------+---------+-----+--------+-------+-----+
|Utilization (%)  |        0|    0|      ~0|     ~0|    0|
+-----------------+---------+-----+--------+-------+-----+

+ Detail: 
    * Instance: 
    N/A

    * DSP: 
    N/A

    * Memory: 
    N/A

    * FIFO: 
    N/A

    * Expression: 
    +----------------------------------+----------+----+---+----+------------+------------+
    |           Variable Name          | Operation| DSP| FF| LUT| Bitwidth P0| Bitwidth P1|
    +----------------------------------+----------+----+---+----+------------+------------+
    |add_ln21_fu_80_p2                 |         +|   0|  0|  21|          21|           1|
    |sum_fu_103_p2                     |         +|   0|  0|  29|          29|          29|
    |ap_block_state2_pp0_stage0_iter1  |       and|   0|  0|   1|           1|           1|
    |ap_condition_85                   |       and|   0|  0|   1|           1|           1|
    |ap_condition_98                   |       and|   0|  0|   1|           1|           1|
    |icmp_ln21_fu_74_p2                |      icmp|   0|  0|  21|          21|          16|
    |ap_block_pp0_stage0_01001         |        or|   0|  0|   1|           1|           1|
    |ap_enable_pp0                     |       xor|   0|  0|   2|           1|           2|
    +----------------------------------+----------+----+---+----+------------+------------+
    |Total                             |          |   0|  0|  77|          76|          52|
    +----------------------------------+----------+----+---+----+------------+------------+

    * Multiplexer: 
    +--------------------------------------+----+-----------+-----+-----------+
    |                 Name                 | LUT| Input Size| Bits| Total Bits|
    +--------------------------------------+----+-----------+-----+-----------+
    |ap_done_int                           |   9|          2|    1|          2|
    |ap_loop_exit_ready_pp0_iter1_reg      |   9|          2|    1|          2|
    |ap_sig_allocacmp_indvar_flatten_load  |   9|          2|   21|         42|
    |ap_sig_allocacmp_sum_2                |   9|          2|   29|         58|
    |average                               |   9|          2|   29|         58|
    |indvar_flatten_fu_44                  |   9|          2|   21|         42|
    |sobelImg_data_blk_n                   |   9|          2|    1|          2|
    |sum_1_fu_40                           |   9|          2|   29|         58|
    +--------------------------------------+----+-----------+-----+-----------+
    |Total                                 |  72|         16|  132|        264|
    +--------------------------------------+----+-----------+-----+-----------+

    * Register: 
    +----------------------------------+----+----+-----+-----------+
    |               Name               | FF | LUT| Bits| Const Bits|
    +----------------------------------+----+----+-----+-----------+
    |ap_CS_fsm                         |   1|   0|    1|          0|
    |ap_done_reg                       |   1|   0|    1|          0|
    |ap_enable_reg_pp0_iter1           |   1|   0|    1|          0|
    |ap_loop_exit_ready_pp0_iter1_reg  |   1|   0|    1|          0|
    |ap_loop_init_pp0_iter1_reg        |   1|   0|    1|          0|
    |average_preg                      |  29|   0|   32|          3|
    |icmp_ln21_reg_128                 |   1|   0|    1|          0|
    |indvar_flatten_fu_44              |  21|   0|   21|          0|
    |sum_1_fu_40                       |  29|   0|   29|          0|
    +----------------------------------+----+----+-----+-----------+
    |Total                             |  85|   0|   88|          3|
    +----------------------------------+----+----+-----+-----------+



================================================================
== Interface
================================================================
* Summary: 
+------------------------------+-----+-----+------------+---------------------------+--------------+
|           RTL Ports          | Dir | Bits|  Protocol  |       Source Object       |    C Type    |
+------------------------------+-----+-----+------------+---------------------------+--------------+
|ap_clk                        |   in|    1|  ap_ctrl_hs|  sum_of_stream<1080, 1920>|  return value|
|ap_rst                        |   in|    1|  ap_ctrl_hs|  sum_of_stream<1080, 1920>|  return value|
|ap_start                      |   in|    1|  ap_ctrl_hs|  sum_of_stream<1080, 1920>|  return value|
|ap_done                       |  out|    1|  ap_ctrl_hs|  sum_of_stream<1080, 1920>|  return value|
|ap_continue                   |   in|    1|  ap_ctrl_hs|  sum_of_stream<1080, 1920>|  return value|
|ap_idle                       |  out|    1|  ap_ctrl_hs|  sum_of_stream<1080, 1920>|  return value|
|ap_ready                      |  out|    1|  ap_ctrl_hs|  sum_of_stream<1080, 1920>|  return value|
|sobelImg_data_dout            |   in|    8|     ap_fifo|              sobelImg_data|       pointer|
|sobelImg_data_num_data_valid  |   in|    2|     ap_fifo|              sobelImg_data|       pointer|
|sobelImg_data_fifo_cap        |   in|    2|     ap_fifo|              sobelImg_data|       pointer|
|sobelImg_data_empty_n         |   in|    1|     ap_fifo|              sobelImg_data|       pointer|
|sobelImg_data_read            |  out|    1|     ap_fifo|              sobelImg_data|       pointer|
|average                       |  out|   32|      ap_vld|                    average|       pointer|
|average_ap_vld                |  out|    1|      ap_vld|                    average|       pointer|
+------------------------------+-----+-----+------------+---------------------------+--------------+

