

================================================================
== Vitis HLS Report for 'xFSobel3x3_1_1_0_0_s'
================================================================
* Date:           Tue Jan  9 15:45:24 2024

* Version:        2023.1 (Build 3854077 on May  4 2023)
* Project:        sobel_focus
* Solution:       solution1 (Vivado IP Flow Target)
* Product family: zynq
* Target device:  xc7z020-clg484-2


================================================================
== Performance Estimates
================================================================
+ Timing: 
    * Summary: 
    +--------+----------+----------+------------+
    |  Clock |  Target  | Estimated| Uncertainty|
    +--------+----------+----------+------------+
    |ap_clk  |  10.00 ns|  7.051 ns|     2.70 ns|
    +--------+----------+----------+------------+

+ Latency: 
    * Summary: 
    +---------+---------+-----------+-----------+-----+-----+---------+
    |  Latency (cycles) |   Latency (absolute)  |  Interval | Pipeline|
    |   min   |   max   |    min    |    max    | min | max |   Type  |
    +---------+---------+-----------+-----------+-----+-----+---------+
    |        1|        1|  10.000 ns|  10.000 ns|    1|    1|      yes|
    +---------+---------+-----------+-----------+-----+-----+---------+

    + Detail: 
        * Instance: 
        +--------------------------------------------+----------------------+---------+---------+-----------+-----------+-----+-----+---------+
        |                                            |                      |  Latency (cycles) |   Latency (absolute)  |  Interval | Pipeline|
        |                  Instance                  |        Module        |   min   |   max   |    min    |    max    | min | max |   Type  |
        +--------------------------------------------+----------------------+---------+---------+-----------+-----------+-----+-----+---------+
        |GradientvaluesX_xFGradientX3x3_0_0_s_fu_72  |xFGradientX3x3_0_0_s  |        0|        0|       0 ns|       0 ns|    1|    1|      yes|
        |grp_xFGradientY3x3_0_0_s_fu_88              |xFGradientY3x3_0_0_s  |        1|        1|  10.000 ns|  10.000 ns|    1|    1|      yes|
        +--------------------------------------------+----------------------+---------+---------+-----------+-----------+-----+-----+---------+

        * Loop: 
        N/A



================================================================
== Utilization Estimates
================================================================
* Summary: 
+-----------------+---------+-----+--------+-------+-----+
|       Name      | BRAM_18K| DSP |   FF   |  LUT  | URAM|
+-----------------+---------+-----+--------+-------+-----+
|DSP              |        -|    -|       -|      -|    -|
|Expression       |        -|    -|       -|      -|    -|
|FIFO             |        -|    -|       -|      -|    -|
|Instance         |        -|    -|      19|    179|    -|
|Memory           |        -|    -|       -|      -|    -|
|Multiplexer      |        -|    -|       -|     26|    -|
|Register         |        -|    -|      25|      -|    -|
+-----------------+---------+-----+--------+-------+-----+
|Total            |        0|    0|      44|    205|    0|
+-----------------+---------+-----+--------+-------+-----+
|Available        |      280|  220|  106400|  53200|    0|
+-----------------+---------+-----+--------+-------+-----+
|Utilization (%)  |        0|    0|      ~0|     ~0|    0|
+-----------------+---------+-----+--------+-------+-----+

+ Detail: 
    * Instance: 
    +--------------------------------------------+----------------------+---------+----+----+----+-----+
    |                  Instance                  |        Module        | BRAM_18K| DSP| FF | LUT| URAM|
    +--------------------------------------------+----------------------+---------+----+----+----+-----+
    |GradientvaluesX_xFGradientX3x3_0_0_s_fu_72  |xFGradientX3x3_0_0_s  |        0|   0|   0|  83|    0|
    |grp_xFGradientY3x3_0_0_s_fu_88              |xFGradientY3x3_0_0_s  |        0|   0|  19|  96|    0|
    +--------------------------------------------+----------------------+---------+----+----+----+-----+
    |Total                                       |                      |        0|   0|  19| 179|    0|
    +--------------------------------------------+----------------------+---------+----+----+----+-----+

    * DSP: 
    N/A

    * Memory: 
    N/A

    * FIFO: 
    N/A

    * Expression: 
    N/A

    * Multiplexer: 
    +-------------+----+-----------+-----+-----------+
    |     Name    | LUT| Input Size| Bits| Total Bits|
    +-------------+----+-----------+-----+-----------+
    |ap_return_0  |  13|          3|    8|         24|
    |ap_return_1  |  13|          3|    8|         24|
    +-------------+----+-----------+-----+-----------+
    |Total        |  26|          6|   16|         48|
    +-------------+----+-----------+-----+-----------+

    * Register: 
    +-------------------------+---+----+-----+-----------+
    |           Name          | FF| LUT| Bits| Const Bits|
    +-------------------------+---+----+-----+-----------+
    |GradientvaluesX_reg_115  |  8|   0|    8|          0|
    |ap_ce_reg                |  1|   0|    1|          0|
    |ap_return_0_int_reg      |  8|   0|    8|          0|
    |ap_return_1_int_reg      |  8|   0|    8|          0|
    +-------------------------+---+----+-----+-----------+
    |Total                    | 25|   0|   25|          0|
    +-------------------------+---+----+-----+-----------+



================================================================
== Interface
================================================================
* Summary: 
+----------------+-----+-----+------------+------------------------+--------------+
|    RTL Ports   | Dir | Bits|  Protocol  |      Source Object     |    C Type    |
+----------------+-----+-----+------------+------------------------+--------------+
|ap_clk          |   in|    1|  ap_ctrl_hs|  xFSobel3x3<1, 1, 0, 0>|  return value|
|ap_rst          |   in|    1|  ap_ctrl_hs|  xFSobel3x3<1, 1, 0, 0>|  return value|
|ap_return_0     |  out|    8|  ap_ctrl_hs|  xFSobel3x3<1, 1, 0, 0>|  return value|
|ap_return_1     |  out|    8|  ap_ctrl_hs|  xFSobel3x3<1, 1, 0, 0>|  return value|
|ap_ce           |   in|    1|  ap_ctrl_hs|  xFSobel3x3<1, 1, 0, 0>|  return value|
|src_buf1_0_val  |   in|    8|     ap_none|          src_buf1_0_val|        scalar|
|src_buf1_1_val  |   in|    8|     ap_none|          src_buf1_1_val|        scalar|
|src_buf1_2_val  |   in|    8|     ap_none|          src_buf1_2_val|        scalar|
|src_buf2_0_val  |   in|    8|     ap_none|          src_buf2_0_val|        scalar|
|src_buf2_2_val  |   in|    8|     ap_none|          src_buf2_2_val|        scalar|
|src_buf3_0_val  |   in|    8|     ap_none|          src_buf3_0_val|        scalar|
|src_buf3_1_val  |   in|    8|     ap_none|          src_buf3_1_val|        scalar|
|src_buf3_2_val  |   in|    8|     ap_none|          src_buf3_2_val|        scalar|
+----------------+-----+-----+------------+------------------------+--------------+

