

================================================================
== Vitis HLS Report for 'AXIvideo2xfMat_24_16_1080_1920_1_2_s'
================================================================
* Date:           Tue Jan  9 16:03:18 2024

* Version:        2023.1 (Build 3854077 on May  4 2023)
* Project:        edge_detector
* Solution:       solution1 (Vivado IP Flow Target)
* Product family: zynq
* Target device:  xc7z020-clg484-2


================================================================
== Performance Estimates
================================================================
+ Timing: 
    * Summary: 
    +--------+----------+----------+------------+
    |  Clock |  Target  | Estimated| Uncertainty|
    +--------+----------+----------+------------+
    |ap_clk  |  10.00 ns|  4.877 ns|     2.70 ns|
    +--------+----------+----------+------------+

+ Latency: 
    * Summary: 
    +---------+---------+-----------+-----------+---------+---------+---------+
    |  Latency (cycles) |   Latency (absolute)  |      Interval     | Pipeline|
    |   min   |   max   |    min    |    max    |   min   |   max   |   Type  |
    +---------+---------+-----------+-----------+---------+---------+---------+
    |  2083326|  2084407|  20.833 ms|  20.844 ms|  2083326|  2084407|       no|
    +---------+---------+-----------+-----------+---------+---------+---------+

    + Detail: 
        * Instance: 
        +-------------------------------------------------------------------------+--------------------------------------------------------------+---------+---------+-----------+-----------+------+------+---------+
        |                                                                         |                                                              |  Latency (cycles) |   Latency (absolute)  |   Interval  | Pipeline|
        |                                 Instance                                |                            Module                            |   min   |   max   |    min    |    max    |  min |  max |   Type  |
        +-------------------------------------------------------------------------+--------------------------------------------------------------+---------+---------+-----------+-----------+------+------+---------+
        |grp_AXIvideo2xfMat_24_16_1080_1920_1_2_Pipeline_loop_start_hunt_fu_110   |AXIvideo2xfMat_24_16_1080_1920_1_2_Pipeline_loop_start_hunt   |        2|        3|  20.000 ns|  30.000 ns|     2|     3|       no|
        |grp_AXIvideo2xfMat_24_16_1080_1920_1_2_Pipeline_loop_col_zxi2mat_fu_130  |AXIvideo2xfMat_24_16_1080_1920_1_2_Pipeline_loop_col_zxi2mat  |     1922|     1922|  19.220 us|  19.220 us|  1922|  1922|       no|
        |grp_AXIvideo2xfMat_24_16_1080_1920_1_2_Pipeline_loop_last_hunt_fu_157    |AXIvideo2xfMat_24_16_1080_1920_1_2_Pipeline_loop_last_hunt    |        2|        3|  20.000 ns|  30.000 ns|     2|     3|       no|
        +-------------------------------------------------------------------------+--------------------------------------------------------------+---------+---------+-----------+-----------+------+------+---------+

        * Loop: 
        +--------------------+---------+---------+-------------+-----------+-----------+------+----------+
        |                    |  Latency (cycles) |  Iteration  |  Initiation Interval  | Trip |          |
        |      Loop Name     |   min   |   max   |   Latency   |  achieved |   target  | Count| Pipelined|
        +--------------------+---------+---------+-------------+-----------+-----------+------+----------+
        |- loop_row_axi2mat  |  2083320|  2084400|  1929 ~ 1930|          -|          -|  1080|        no|
        +--------------------+---------+---------+-------------+-----------+-----------+------+----------+



================================================================
== Utilization Estimates
================================================================
* Summary: 
+-----------------+---------+-----+--------+-------+-----+
|       Name      | BRAM_18K| DSP |   FF   |  LUT  | URAM|
+-----------------+---------+-----+--------+-------+-----+
|DSP              |        -|    -|       -|      -|    -|
|Expression       |        -|    -|       0|     23|    -|
|FIFO             |        -|    -|       -|      -|    -|
|Instance         |        -|    -|      48|    217|    -|
|Memory           |        -|    -|       -|      -|    -|
|Multiplexer      |        -|    -|       -|    112|    -|
|Register         |        -|    -|      51|      -|    -|
+-----------------+---------+-----+--------+-------+-----+
|Total            |        0|    0|      99|    352|    0|
+-----------------+---------+-----+--------+-------+-----+
|Available        |      280|  220|  106400|  53200|    0|
+-----------------+---------+-----+--------+-------+-----+
|Utilization (%)  |        0|    0|      ~0|     ~0|    0|
+-----------------+---------+-----+--------+-------+-----+

+ Detail: 
    * Instance: 
    +-------------------------------------------------------------------------+--------------------------------------------------------------+---------+----+----+-----+-----+
    |                                 Instance                                |                            Module                            | BRAM_18K| DSP| FF | LUT | URAM|
    +-------------------------------------------------------------------------+--------------------------------------------------------------+---------+----+----+-----+-----+
    |grp_AXIvideo2xfMat_24_16_1080_1920_1_2_Pipeline_loop_col_zxi2mat_fu_130  |AXIvideo2xfMat_24_16_1080_1920_1_2_Pipeline_loop_col_zxi2mat  |        0|   0|  41|  135|    0|
    |grp_AXIvideo2xfMat_24_16_1080_1920_1_2_Pipeline_loop_last_hunt_fu_157    |AXIvideo2xfMat_24_16_1080_1920_1_2_Pipeline_loop_last_hunt    |        0|   0|   3|   41|    0|
    |grp_AXIvideo2xfMat_24_16_1080_1920_1_2_Pipeline_loop_start_hunt_fu_110   |AXIvideo2xfMat_24_16_1080_1920_1_2_Pipeline_loop_start_hunt   |        0|   0|   4|   41|    0|
    +-------------------------------------------------------------------------+--------------------------------------------------------------+---------+----+----+-----+-----+
    |Total                                                                    |                                                              |        0|   0|  48|  217|    0|
    +-------------------------------------------------------------------------+--------------------------------------------------------------+---------+----+----+-----+-----+

    * DSP: 
    N/A

    * Memory: 
    N/A

    * FIFO: 
    N/A

    * Expression: 
    +----------------------+----------+----+---+----+------------+------------+
    |     Variable Name    | Operation| DSP| FF| LUT| Bitwidth P0| Bitwidth P1|
    +----------------------+----------+----+---+----+------------+------------+
    |i_4_fu_195_p2         |         +|   0|  0|  11|          11|           1|
    |icmp_ln129_fu_189_p2  |      icmp|   0|  0|  11|          11|          11|
    |ap_block_state1       |        or|   0|  0|   1|           1|           1|
    +----------------------+----------+----+---+----+------------+------------+
    |Total                 |          |   0|  0|  23|          23|          13|
    +----------------------+----------+----+---+----+------------+------------+

    * Multiplexer: 
    +-------------------------+----+-----------+-----+-----------+
    |           Name          | LUT| Input Size| Bits| Total Bits|
    +-------------------------+----+-----------+-----+-----------+
    |ap_NS_fsm                |  41|         10|    1|         10|
    |ap_done                  |   9|          2|    1|          2|
    |axi_data_2_fu_64         |   9|          2|   24|         48|
    |axi_last_2_reg_98        |   9|          2|    1|          2|
    |i_fu_68                  |   9|          2|   11|         22|
    |real_start               |   9|          2|    1|          2|
    |srcImg_data_write        |   9|          2|    1|          2|
    |src_TREADY_int_regslice  |  17|          4|    1|          4|
    +-------------------------+----+-----------+-----+-----------+
    |Total                    | 112|         26|   41|         92|
    +-------------------------+----+-----------+-----+-----------+

    * Register: 
    +--------------------------------------------------------------------------------------+----+----+-----+-----------+
    |                                         Name                                         | FF | LUT| Bits| Const Bits|
    +--------------------------------------------------------------------------------------+----+----+-----+-----------+
    |ap_CS_fsm                                                                             |   9|   0|    9|          0|
    |ap_done_reg                                                                           |   1|   0|    1|          0|
    |axi_data_2_fu_64                                                                      |  24|   0|   24|          0|
    |axi_last_2_reg_98                                                                     |   1|   0|    1|          0|
    |grp_AXIvideo2xfMat_24_16_1080_1920_1_2_Pipeline_loop_col_zxi2mat_fu_130_ap_start_reg  |   1|   0|    1|          0|
    |grp_AXIvideo2xfMat_24_16_1080_1920_1_2_Pipeline_loop_last_hunt_fu_157_ap_start_reg    |   1|   0|    1|          0|
    |grp_AXIvideo2xfMat_24_16_1080_1920_1_2_Pipeline_loop_start_hunt_fu_110_ap_start_reg   |   1|   0|    1|          0|
    |i_fu_68                                                                               |  11|   0|   11|          0|
    |start_once_reg                                                                        |   1|   0|    1|          0|
    |start_reg_84                                                                          |   1|   0|    1|          0|
    +--------------------------------------------------------------------------------------+----+----+-----+-----------+
    |Total                                                                                 |  51|   0|   51|          0|
    +--------------------------------------------------------------------------------------+----+----+-----+-----------+



================================================================
== Interface
================================================================
* Summary: 
+----------------------------+-----+-----+------------+------------------------------------------+--------------+
|          RTL Ports         | Dir | Bits|  Protocol  |               Source Object              |    C Type    |
+----------------------------+-----+-----+------------+------------------------------------------+--------------+
|ap_clk                      |   in|    1|  ap_ctrl_hs|  AXIvideo2xfMat<24, 16, 1080, 1920, 1, 2>|  return value|
|ap_rst                      |   in|    1|  ap_ctrl_hs|  AXIvideo2xfMat<24, 16, 1080, 1920, 1, 2>|  return value|
|ap_start                    |   in|    1|  ap_ctrl_hs|  AXIvideo2xfMat<24, 16, 1080, 1920, 1, 2>|  return value|
|start_full_n                |   in|    1|  ap_ctrl_hs|  AXIvideo2xfMat<24, 16, 1080, 1920, 1, 2>|  return value|
|ap_done                     |  out|    1|  ap_ctrl_hs|  AXIvideo2xfMat<24, 16, 1080, 1920, 1, 2>|  return value|
|ap_continue                 |   in|    1|  ap_ctrl_hs|  AXIvideo2xfMat<24, 16, 1080, 1920, 1, 2>|  return value|
|ap_idle                     |  out|    1|  ap_ctrl_hs|  AXIvideo2xfMat<24, 16, 1080, 1920, 1, 2>|  return value|
|ap_ready                    |  out|    1|  ap_ctrl_hs|  AXIvideo2xfMat<24, 16, 1080, 1920, 1, 2>|  return value|
|start_out                   |  out|    1|  ap_ctrl_hs|  AXIvideo2xfMat<24, 16, 1080, 1920, 1, 2>|  return value|
|start_write                 |  out|    1|  ap_ctrl_hs|  AXIvideo2xfMat<24, 16, 1080, 1920, 1, 2>|  return value|
|src_TDATA                   |   in|   24|        axis|                              src_V_data_V|       pointer|
|src_TVALID                  |   in|    1|        axis|                              src_V_dest_V|       pointer|
|src_TREADY                  |  out|    1|        axis|                              src_V_dest_V|       pointer|
|src_TDEST                   |   in|    1|        axis|                              src_V_dest_V|       pointer|
|src_TKEEP                   |   in|    3|        axis|                              src_V_keep_V|       pointer|
|src_TSTRB                   |   in|    3|        axis|                              src_V_strb_V|       pointer|
|src_TUSER                   |   in|    1|        axis|                              src_V_user_V|       pointer|
|src_TLAST                   |   in|    1|        axis|                              src_V_last_V|       pointer|
|src_TID                     |   in|    1|        axis|                                src_V_id_V|       pointer|
|srcImg_data_din             |  out|   24|     ap_fifo|                               srcImg_data|       pointer|
|srcImg_data_num_data_valid  |   in|    2|     ap_fifo|                               srcImg_data|       pointer|
|srcImg_data_fifo_cap        |   in|    2|     ap_fifo|                               srcImg_data|       pointer|
|srcImg_data_full_n          |   in|    1|     ap_fifo|                               srcImg_data|       pointer|
|srcImg_data_write           |  out|    1|     ap_fifo|                               srcImg_data|       pointer|
+----------------------------+-----+-----+------------+------------------------------------------+--------------+

