

================================================================
== Vitis HLS Report for 'AXIvideo2xfMat_24_16_1080_1920_1_2_Pipeline_loop_last_hunt'
================================================================
* Date:           Tue Jan  9 16:03:18 2024

* Version:        2023.1 (Build 3854077 on May  4 2023)
* Project:        edge_detector
* Solution:       solution1 (Vivado IP Flow Target)
* Product family: zynq
* Target device:  xc7z020-clg484-2


================================================================
== Performance Estimates
================================================================
+ Timing: 
    * Summary: 
    +--------+----------+----------+------------+
    |  Clock |  Target  | Estimated| Uncertainty|
    +--------+----------+----------+------------+
    |ap_clk  |  10.00 ns|  2.596 ns|     2.70 ns|
    +--------+----------+----------+------------+

+ Latency: 
    * Summary: 
    +---------+---------+-----------+-----------+-----+-----+---------+
    |  Latency (cycles) |   Latency (absolute)  |  Interval | Pipeline|
    |   min   |   max   |    min    |    max    | min | max |   Type  |
    +---------+---------+-----------+-----------+-----+-----+---------+
    |        2|        3|  20.000 ns|  30.000 ns|    2|    3|       no|
    +---------+---------+-----------+-----------+-----+-----+---------+

    + Detail: 
        * Instance: 
        N/A

        * Loop: 
        +------------------+---------+---------+----------+-----------+-----------+-------+----------+
        |                  |  Latency (cycles) | Iteration|  Initiation Interval  |  Trip |          |
        |     Loop Name    |   min   |   max   |  Latency |  achieved |   target  | Count | Pipelined|
        +------------------+---------+---------+----------+-----------+-----------+-------+----------+
        |- loop_last_hunt  |        0|        1|         1|          1|          1|  0 ~ 1|       yes|
        +------------------+---------+---------+----------+-----------+-----------+-------+----------+



================================================================
== Utilization Estimates
================================================================
* Summary: 
+-----------------+---------+-----+--------+-------+-----+
|       Name      | BRAM_18K| DSP |   FF   |  LUT  | URAM|
+-----------------+---------+-----+--------+-------+-----+
|DSP              |        -|    -|       -|      -|    -|
|Expression       |        -|    -|       0|      1|    -|
|FIFO             |        -|    -|       -|      -|    -|
|Instance         |        -|    -|       -|      -|    -|
|Memory           |        -|    -|       -|      -|    -|
|Multiplexer      |        -|    -|       -|     40|    -|
|Register         |        -|    -|       3|      -|    -|
+-----------------+---------+-----+--------+-------+-----+
|Total            |        0|    0|       3|     41|    0|
+-----------------+---------+-----+--------+-------+-----+
|Available        |      280|  220|  106400|  53200|    0|
+-----------------+---------+-----+--------+-------+-----+
|Utilization (%)  |        0|    0|      ~0|     ~0|    0|
+-----------------+---------+-----+--------+-------+-----+

+ Detail: 
    * Instance: 
    N/A

    * DSP: 
    N/A

    * Memory: 
    N/A

    * FIFO: 
    N/A

    * Expression: 
    +----------------------------------+----------+----+---+----+------------+------------+
    |           Variable Name          | Operation| DSP| FF| LUT| Bitwidth P0| Bitwidth P1|
    +----------------------------------+----------+----+---+----+------------+------------+
    |ap_block_state1_pp0_stage0_iter0  |        or|   0|  0|   1|           1|           1|
    +----------------------------------+----------+----+---+----+------------+------------+
    |Total                             |          |   0|  0|   1|           1|           1|
    +----------------------------------+----------+----+---+----+------------+------------+

    * Multiplexer: 
    +----------------------------------+----+-----------+-----+-----------+
    |               Name               | LUT| Input Size| Bits| Total Bits|
    +----------------------------------+----+-----------+-----+-----------+
    |ap_done_int                       |   9|          2|    1|          2|
    |ap_phi_mux_axi_last_phi_fu_89_p4  |   9|          2|    1|          2|
    |axi_data_4_out                    |  13|          3|   24|         72|
    |src_TDATA_blk_n                   |   9|          2|    1|          2|
    +----------------------------------+----+-----------+-----+-----------+
    |Total                             |  40|          9|   27|         78|
    +----------------------------------+----+-----------+-----+-----------+

    * Register: 
    +-----------------+---+----+-----+-----------+
    |       Name      | FF| LUT| Bits| Const Bits|
    +-----------------+---+----+-----+-----------+
    |ap_CS_fsm        |  1|   0|    1|          0|
    |ap_done_reg      |  1|   0|    1|          0|
    |axi_last_reg_86  |  1|   0|    1|          0|
    +-----------------+---+----+-----+-----------+
    |Total            |  3|   0|    3|          0|
    +-----------------+---+----+-----+-----------+



================================================================
== Interface
================================================================
* Summary: 
+-----------------------+-----+-----+------------+------------------------------------------------------------------+--------------+
|       RTL Ports       | Dir | Bits|  Protocol  |                           Source Object                          |    C Type    |
+-----------------------+-----+-----+------------+------------------------------------------------------------------+--------------+
|ap_clk                 |   in|    1|  ap_ctrl_hs|  AXIvideo2xfMat<24, 16, 1080, 1920, 1, 2>_Pipeline_loop_last_hunt|  return value|
|ap_rst                 |   in|    1|  ap_ctrl_hs|  AXIvideo2xfMat<24, 16, 1080, 1920, 1, 2>_Pipeline_loop_last_hunt|  return value|
|ap_start               |   in|    1|  ap_ctrl_hs|  AXIvideo2xfMat<24, 16, 1080, 1920, 1, 2>_Pipeline_loop_last_hunt|  return value|
|ap_done                |  out|    1|  ap_ctrl_hs|  AXIvideo2xfMat<24, 16, 1080, 1920, 1, 2>_Pipeline_loop_last_hunt|  return value|
|ap_idle                |  out|    1|  ap_ctrl_hs|  AXIvideo2xfMat<24, 16, 1080, 1920, 1, 2>_Pipeline_loop_last_hunt|  return value|
|ap_ready               |  out|    1|  ap_ctrl_hs|  AXIvideo2xfMat<24, 16, 1080, 1920, 1, 2>_Pipeline_loop_last_hunt|  return value|
|src_TVALID             |   in|    1|        axis|                                                      src_V_data_V|       pointer|
|src_TDATA              |   in|   24|        axis|                                                      src_V_data_V|       pointer|
|last_reload            |   in|    1|     ap_none|                                                       last_reload|        scalar|
|axi_data_5_reload      |   in|   24|     ap_none|                                                 axi_data_5_reload|        scalar|
|src_TREADY             |  out|    1|        axis|                                                      src_V_dest_V|       pointer|
|src_TDEST              |   in|    1|        axis|                                                      src_V_dest_V|       pointer|
|src_TKEEP              |   in|    3|        axis|                                                      src_V_keep_V|       pointer|
|src_TSTRB              |   in|    3|        axis|                                                      src_V_strb_V|       pointer|
|src_TUSER              |   in|    1|        axis|                                                      src_V_user_V|       pointer|
|src_TLAST              |   in|    1|        axis|                                                      src_V_last_V|       pointer|
|src_TID                |   in|    1|        axis|                                                        src_V_id_V|       pointer|
|axi_data_4_out         |  out|   24|      ap_vld|                                                    axi_data_4_out|       pointer|
|axi_data_4_out_ap_vld  |  out|    1|      ap_vld|                                                    axi_data_4_out|       pointer|
+-----------------------+-----+-----+------------+------------------------------------------------------------------+--------------+

