

================================================================
== Vitis HLS Report for 'xFGradientX3x3_0_0_s'
================================================================
* Date:           Tue Jan  9 16:03:18 2024

* Version:        2023.1 (Build 3854077 on May  4 2023)
* Project:        edge_detector
* Solution:       solution1 (Vivado IP Flow Target)
* Product family: zynq
* Target device:  xc7z020-clg484-2


================================================================
== Performance Estimates
================================================================
+ Timing: 
    * Summary: 
    +--------+----------+----------+------------+
    |  Clock |  Target  | Estimated| Uncertainty|
    +--------+----------+----------+------------+
    |ap_clk  |  10.00 ns|  6.558 ns|     2.70 ns|
    +--------+----------+----------+------------+

+ Latency: 
    * Summary: 
    +---------+---------+----------+----------+-----+-----+---------+
    |  Latency (cycles) |  Latency (absolute) |  Interval | Pipeline|
    |   min   |   max   |    min   |    max   | min | max |   Type  |
    +---------+---------+----------+----------+-----+-----+---------+
    |        0|        0|      0 ns|      0 ns|    1|    1|      yes|
    +---------+---------+----------+----------+-----+-----+---------+

    + Detail: 
        * Instance: 
        N/A

        * Loop: 
        N/A



================================================================
== Utilization Estimates
================================================================
* Summary: 
+-----------------+---------+-----+--------+-------+-----+
|       Name      | BRAM_18K| DSP |   FF   |  LUT  | URAM|
+-----------------+---------+-----+--------+-------+-----+
|DSP              |        -|    -|       -|      -|    -|
|Expression       |        -|    -|       0|     83|    -|
|FIFO             |        -|    -|       -|      -|    -|
|Instance         |        -|    -|       -|      -|    -|
|Memory           |        -|    -|       -|      -|    -|
|Multiplexer      |        -|    -|       -|      -|    -|
|Register         |        -|    -|       -|      -|    -|
+-----------------+---------+-----+--------+-------+-----+
|Total            |        0|    0|       0|     83|    0|
+-----------------+---------+-----+--------+-------+-----+
|Available        |      280|  220|  106400|  53200|    0|
+-----------------+---------+-----+--------+-------+-----+
|Utilization (%)  |        0|    0|       0|     ~0|    0|
+-----------------+---------+-----+--------+-------+-----+

+ Detail: 
    * Instance: 
    N/A

    * DSP: 
    N/A

    * Memory: 
    N/A

    * FIFO: 
    N/A

    * Expression: 
    +-----------------------+----------+----+---+----+------------+------------+
    |     Variable Name     | Operation| DSP| FF| LUT| Bitwidth P0| Bitwidth P1|
    +-----------------------+----------+----+---+----+------------+------------+
    |A00_fu_102_p2          |         +|   0|  0|   9|           9|           9|
    |S00_fu_120_p2          |         +|   0|  0|   9|           9|           9|
    |add_ln69_1_fu_156_p2   |         +|   0|  0|   8|           8|           8|
    |add_ln69_fu_162_p2     |         +|   0|  0|   8|           8|           8|
    |out_pix_fu_150_p2      |         +|   0|  0|  11|          11|          11|
    |out_pix_5_fu_130_p2    |         -|   0|  0|  10|          10|          10|
    |out_pix_6_fu_140_p2    |         -|   0|  0|  11|          11|          11|
    |icmp_ln74_fu_186_p2    |      icmp|   0|  0|   4|           3|           1|
    |or_ln72_fu_206_p2      |        or|   0|  0|   1|           1|           1|
    |ap_return              |    select|   0|  0|   8|           1|           8|
    |select_ln72_fu_198_p3  |    select|   0|  0|   2|           1|           2|
    |xor_ln72_fu_192_p2     |       xor|   0|  0|   2|           1|           2|
    +-----------------------+----------+----+---+----+------------+------------+
    |Total                  |          |   0|  0|  83|          73|          80|
    +-----------------------+----------+----+---+----+------------+------------+

    * Multiplexer: 
    N/A

    * Register: 
    N/A



================================================================
== Interface
================================================================
* Summary: 
+-----------+-----+-----+------------+----------------------+--------------+
| RTL Ports | Dir | Bits|  Protocol  |     Source Object    |    C Type    |
+-----------+-----+-----+------------+----------------------+--------------+
|ap_ready   |  out|    1|  ap_ctrl_hs|  xFGradientX3x3<0, 0>|  return value|
|ap_return  |  out|    8|  ap_ctrl_hs|  xFGradientX3x3<0, 0>|  return value|
|t0_val     |   in|    8|     ap_none|                t0_val|        scalar|
|t2_val     |   in|    8|     ap_none|                t2_val|        scalar|
|m0_val     |   in|    8|     ap_none|                m0_val|        scalar|
|m2_val     |   in|    8|     ap_none|                m2_val|        scalar|
|b0_val     |   in|    8|     ap_none|                b0_val|        scalar|
|b2_val     |   in|    8|     ap_none|                b2_val|        scalar|
+-----------+-----+-----+------------+----------------------+--------------+

