

================================================================
== Vitis HLS Report for 'xfMat2AXIvideo_24_16_1080_1920_1_2_s'
================================================================
* Date:           Tue Jan  9 16:03:19 2024

* Version:        2023.1 (Build 3854077 on May  4 2023)
* Project:        edge_detector
* Solution:       solution1 (Vivado IP Flow Target)
* Product family: zynq
* Target device:  xc7z020-clg484-2


================================================================
== Performance Estimates
================================================================
+ Timing: 
    * Summary: 
    +--------+----------+----------+------------+
    |  Clock |  Target  | Estimated| Uncertainty|
    +--------+----------+----------+------------+
    |ap_clk  |  10.00 ns|  3.401 ns|     2.70 ns|
    +--------+----------+----------+------------+

+ Latency: 
    * Summary: 
    +---------+---------+-----------+-----------+---------+---------+---------+
    |  Latency (cycles) |   Latency (absolute)  |      Interval     | Pipeline|
    |   min   |   max   |    min    |    max    |   min   |   max   |   Type  |
    +---------+---------+-----------+-----------+---------+---------+---------+
    |  2079002|  2079002|  20.790 ms|  20.790 ms|  2079002|  2079002|       no|
    +---------+---------+-----------+-----------+---------+---------+---------+

    + Detail: 
        * Instance: 
        +------------------------------------------------------------------------+--------------------------------------------------------------+---------+---------+-----------+-----------+------+------+---------+
        |                                                                        |                                                              |  Latency (cycles) |   Latency (absolute)  |   Interval  | Pipeline|
        |                                Instance                                |                            Module                            |   min   |   max   |    min    |    max    |  min |  max |   Type  |
        +------------------------------------------------------------------------+--------------------------------------------------------------+---------+---------+-----------+-----------+------+------+---------+
        |grp_xfMat2AXIvideo_24_16_1080_1920_1_2_Pipeline_loop_col_mat2axi_fu_76  |xfMat2AXIvideo_24_16_1080_1920_1_2_Pipeline_loop_col_mat2axi  |     1923|     1923|  19.230 us|  19.230 us|  1923|  1923|       no|
        +------------------------------------------------------------------------+--------------------------------------------------------------+---------+---------+-----------+-----------+------+------+---------+

        * Loop: 
        +--------------------+---------+---------+----------+-----------+-----------+------+----------+
        |                    |  Latency (cycles) | Iteration|  Initiation Interval  | Trip |          |
        |      Loop Name     |   min   |   max   |  Latency |  achieved |   target  | Count| Pipelined|
        +--------------------+---------+---------+----------+-----------+-----------+------+----------+
        |- loop_row_mat2axi  |  2079000|  2079000|      1925|          -|          -|  1080|        no|
        +--------------------+---------+---------+----------+-----------+-----------+------+----------+



================================================================
== Utilization Estimates
================================================================
* Summary: 
+-----------------+---------+-----+--------+-------+-----+
|       Name      | BRAM_18K| DSP |   FF   |  LUT  | URAM|
+-----------------+---------+-----+--------+-------+-----+
|DSP              |        -|    -|       -|      -|    -|
|Expression       |        -|    -|       0|     24|    -|
|FIFO             |        -|    -|       -|      -|    -|
|Instance         |        -|    -|      18|    103|    -|
|Memory           |        -|    -|       -|      -|    -|
|Multiplexer      |        -|    -|       -|     48|    -|
|Register         |        -|    -|      18|      -|    -|
+-----------------+---------+-----+--------+-------+-----+
|Total            |        0|    0|      36|    175|    0|
+-----------------+---------+-----+--------+-------+-----+
|Available        |      280|  220|  106400|  53200|    0|
+-----------------+---------+-----+--------+-------+-----+
|Utilization (%)  |        0|    0|      ~0|     ~0|    0|
+-----------------+---------+-----+--------+-------+-----+

+ Detail: 
    * Instance: 
    +------------------------------------------------------------------------+--------------------------------------------------------------+---------+----+----+-----+-----+
    |                                Instance                                |                            Module                            | BRAM_18K| DSP| FF | LUT | URAM|
    +------------------------------------------------------------------------+--------------------------------------------------------------+---------+----+----+-----+-----+
    |grp_xfMat2AXIvideo_24_16_1080_1920_1_2_Pipeline_loop_col_mat2axi_fu_76  |xfMat2AXIvideo_24_16_1080_1920_1_2_Pipeline_loop_col_mat2axi  |        0|   0|  18|  103|    0|
    +------------------------------------------------------------------------+--------------------------------------------------------------+---------+----+----+-----+-----+
    |Total                                                                   |                                                              |        0|   0|  18|  103|    0|
    +------------------------------------------------------------------------+--------------------------------------------------------------+---------+----+----+-----+-----+

    * DSP: 
    N/A

    * Memory: 
    N/A

    * FIFO: 
    N/A

    * Expression: 
    +-----------------------------------------------------------------------------------+----------+----+---+----+------------+------------+
    |                                   Variable Name                                   | Operation| DSP| FF| LUT| Bitwidth P0| Bitwidth P1|
    +-----------------------------------------------------------------------------------+----------+----+---+----+------------+------------+
    |i_2_fu_112_p2                                                                      |         +|   0|  0|  11|          11|           1|
    |grp_xfMat2AXIvideo_24_16_1080_1920_1_2_Pipeline_loop_col_mat2axi_fu_76_dst_TREADY  |       and|   0|  0|   1|           1|           1|
    |icmp_ln197_fu_106_p2                                                               |      icmp|   0|  0|  11|          11|          11|
    |ap_block_state1                                                                    |        or|   0|  0|   1|           1|           1|
    +-----------------------------------------------------------------------------------+----------+----+---+----+------------+------------+
    |Total                                                                              |          |   0|  0|  24|          24|          14|
    +-----------------------------------------------------------------------------------+----------+----+---+----+------------+------------+

    * Multiplexer: 
    +--------------------+----+-----------+-----+-----------+
    |        Name        | LUT| Input Size| Bits| Total Bits|
    +--------------------+----+-----------+-----+-----------+
    |ap_NS_fsm           |  21|          5|    1|          5|
    |ap_done             |   9|          2|    1|          2|
    |i_fu_58             |   9|          2|   11|         22|
    |rgbSobel_data_read  |   9|          2|    1|          2|
    +--------------------+----+-----------+-----+-----------+
    |Total               |  48|         11|   14|         31|
    +--------------------+----+-----------+-----+-----------+

    * Register: 
    +-------------------------------------------------------------------------------------+----+----+-----+-----------+
    |                                         Name                                        | FF | LUT| Bits| Const Bits|
    +-------------------------------------------------------------------------------------+----+----+-----+-----------+
    |ap_CS_fsm                                                                            |   4|   0|    4|          0|
    |ap_done_reg                                                                          |   1|   0|    1|          0|
    |grp_xfMat2AXIvideo_24_16_1080_1920_1_2_Pipeline_loop_col_mat2axi_fu_76_ap_start_reg  |   1|   0|    1|          0|
    |i_fu_58                                                                              |  11|   0|   11|          0|
    |sof_reg_62                                                                           |   1|   0|    1|          0|
    +-------------------------------------------------------------------------------------+----+----+-----+-----------+
    |Total                                                                                |  18|   0|   18|          0|
    +-------------------------------------------------------------------------------------+----+----+-----+-----------+



================================================================
== Interface
================================================================
* Summary: 
+------------------------------+-----+-----+------------+------------------------------------------+--------------+
|           RTL Ports          | Dir | Bits|  Protocol  |               Source Object              |    C Type    |
+------------------------------+-----+-----+------------+------------------------------------------+--------------+
|ap_clk                        |   in|    1|  ap_ctrl_hs|  xfMat2AXIvideo<24, 16, 1080, 1920, 1, 2>|  return value|
|ap_rst                        |   in|    1|  ap_ctrl_hs|  xfMat2AXIvideo<24, 16, 1080, 1920, 1, 2>|  return value|
|ap_start                      |   in|    1|  ap_ctrl_hs|  xfMat2AXIvideo<24, 16, 1080, 1920, 1, 2>|  return value|
|ap_done                       |  out|    1|  ap_ctrl_hs|  xfMat2AXIvideo<24, 16, 1080, 1920, 1, 2>|  return value|
|ap_continue                   |   in|    1|  ap_ctrl_hs|  xfMat2AXIvideo<24, 16, 1080, 1920, 1, 2>|  return value|
|ap_idle                       |  out|    1|  ap_ctrl_hs|  xfMat2AXIvideo<24, 16, 1080, 1920, 1, 2>|  return value|
|ap_ready                      |  out|    1|  ap_ctrl_hs|  xfMat2AXIvideo<24, 16, 1080, 1920, 1, 2>|  return value|
|rgbSobel_data_dout            |   in|   24|     ap_fifo|                             rgbSobel_data|       pointer|
|rgbSobel_data_num_data_valid  |   in|    2|     ap_fifo|                             rgbSobel_data|       pointer|
|rgbSobel_data_fifo_cap        |   in|    2|     ap_fifo|                             rgbSobel_data|       pointer|
|rgbSobel_data_empty_n         |   in|    1|     ap_fifo|                             rgbSobel_data|       pointer|
|rgbSobel_data_read            |  out|    1|     ap_fifo|                             rgbSobel_data|       pointer|
|dst_TDATA                     |  out|   24|        axis|                              dst_V_data_V|       pointer|
|dst_TVALID                    |  out|    1|        axis|                              dst_V_dest_V|       pointer|
|dst_TREADY                    |   in|    1|        axis|                              dst_V_dest_V|       pointer|
|dst_TDEST                     |  out|    1|        axis|                              dst_V_dest_V|       pointer|
|dst_TKEEP                     |  out|    3|        axis|                              dst_V_keep_V|       pointer|
|dst_TSTRB                     |  out|    3|        axis|                              dst_V_strb_V|       pointer|
|dst_TUSER                     |  out|    1|        axis|                              dst_V_user_V|       pointer|
|dst_TLAST                     |  out|    1|        axis|                              dst_V_last_V|       pointer|
|dst_TID                       |  out|    1|        axis|                                dst_V_id_V|       pointer|
+------------------------------+-----+-----+------------+------------------------------------------+--------------+

