

================================================================
== Vitis HLS Report for 'xFSobelFilter3x3_Pipeline_Clear_Row_Loop'
================================================================
* Date:           Tue Jan  9 16:03:18 2024

* Version:        2023.1 (Build 3854077 on May  4 2023)
* Project:        edge_detector
* Solution:       solution1 (Vivado IP Flow Target)
* Product family: zynq
* Target device:  xc7z020-clg484-2


================================================================
== Performance Estimates
================================================================
+ Timing: 
    * Summary: 
    +--------+----------+----------+------------+
    |  Clock |  Target  | Estimated| Uncertainty|
    +--------+----------+----------+------------+
    |ap_clk  |  10.00 ns|  6.172 ns|     2.70 ns|
    +--------+----------+----------+------------+

+ Latency: 
    * Summary: 
    +---------+---------+-----------+-----------+------+------+---------+
    |  Latency (cycles) |   Latency (absolute)  |   Interval  | Pipeline|
    |   min   |   max   |    min    |    max    |  min |  max |   Type  |
    +---------+---------+-----------+-----------+------+------+---------+
    |     1922|     1922|  19.220 us|  19.220 us|  1922|  1922|       no|
    +---------+---------+-----------+-----------+------+------+---------+

    + Detail: 
        * Instance: 
        N/A

        * Loop: 
        +------------------+---------+---------+----------+-----------+-----------+------+----------+
        |                  |  Latency (cycles) | Iteration|  Initiation Interval  | Trip |          |
        |     Loop Name    |   min   |   max   |  Latency |  achieved |   target  | Count| Pipelined|
        +------------------+---------+---------+----------+-----------+-----------+------+----------+
        |- Clear_Row_Loop  |     1920|     1920|         2|          1|          1|  1920|       yes|
        +------------------+---------+---------+----------+-----------+-----------+------+----------+



================================================================
== Utilization Estimates
================================================================
* Summary: 
+-----------------+---------+-----+--------+-------+-----+
|       Name      | BRAM_18K| DSP |   FF   |  LUT  | URAM|
+-----------------+---------+-----+--------+-------+-----+
|DSP              |        -|    -|       -|      -|    -|
|Expression       |        -|    -|       0|     25|    -|
|FIFO             |        -|    -|       -|      -|    -|
|Instance         |        -|    -|       -|      -|    -|
|Memory           |        -|    -|       -|      -|    -|
|Multiplexer      |        -|    -|       -|     45|    -|
|Register         |        -|    -|      25|      -|    -|
+-----------------+---------+-----+--------+-------+-----+
|Total            |        0|    0|      25|     70|    0|
+-----------------+---------+-----+--------+-------+-----+
|Available        |      280|  220|  106400|  53200|    0|
+-----------------+---------+-----+--------+-------+-----+
|Utilization (%)  |        0|    0|      ~0|     ~0|    0|
+-----------------+---------+-----+--------+-------+-----+

+ Detail: 
    * Instance: 
    N/A

    * DSP: 
    N/A

    * Memory: 
    N/A

    * FIFO: 
    N/A

    * Expression: 
    +---------------------------+----------+----+---+----+------------+------------+
    |       Variable Name       | Operation| DSP| FF| LUT| Bitwidth P0| Bitwidth P1|
    +---------------------------+----------+----+---+----+------------+------------+
    |add_ln354_fu_108_p2        |         +|   0|  0|  11|          11|           1|
    |ap_block_pp0_stage0_11001  |       and|   0|  0|   1|           1|           1|
    |icmp_ln354_fu_102_p2       |      icmp|   0|  0|  11|          11|           9|
    |ap_enable_pp0              |       xor|   0|  0|   2|           1|           2|
    +---------------------------+----------+----+---+----+------------+------------+
    |Total                      |          |   0|  0|  25|          24|          13|
    +---------------------------+----------+----+---+----+------------+------------+

    * Multiplexer: 
    +-------------------------+----+-----------+-----+-----------+
    |           Name          | LUT| Input Size| Bits| Total Bits|
    +-------------------------+----+-----------+-----+-----------+
    |ap_done_int              |   9|          2|    1|          2|
    |ap_enable_reg_pp0_iter1  |   9|          2|    1|          2|
    |ap_sig_allocacmp_col_2   |   9|          2|   11|         22|
    |col_fu_48                |   9|          2|   11|         22|
    |grayImg_data_blk_n       |   9|          2|    1|          2|
    +-------------------------+----+-----------+-----+-----------+
    |Total                    |  45|         10|   25|         50|
    +-------------------------+----+-----------+-----+-----------+

    * Register: 
    +-------------------------+----+----+-----+-----------+
    |           Name          | FF | LUT| Bits| Const Bits|
    +-------------------------+----+----+-----+-----------+
    |ap_CS_fsm                |   1|   0|    1|          0|
    |ap_done_reg              |   1|   0|    1|          0|
    |ap_enable_reg_pp0_iter1  |   1|   0|    1|          0|
    |col_fu_48                |  11|   0|   11|          0|
    |zext_ln354_reg_134       |  11|   0|   64|         53|
    +-------------------------+----+----+-----+-----------+
    |Total                    |  25|   0|   78|         53|
    +-------------------------+----+----+-----+-----------+



================================================================
== Interface
================================================================
* Summary: 
+-----------------------------+-----+-----+------------+------------------------------------------+--------------+
|          RTL Ports          | Dir | Bits|  Protocol  |               Source Object              |    C Type    |
+-----------------------------+-----+-----+------------+------------------------------------------+--------------+
|ap_clk                       |   in|    1|  ap_ctrl_hs|  xFSobelFilter3x3_Pipeline_Clear_Row_Loop|  return value|
|ap_rst                       |   in|    1|  ap_ctrl_hs|  xFSobelFilter3x3_Pipeline_Clear_Row_Loop|  return value|
|ap_start                     |   in|    1|  ap_ctrl_hs|  xFSobelFilter3x3_Pipeline_Clear_Row_Loop|  return value|
|ap_done                      |  out|    1|  ap_ctrl_hs|  xFSobelFilter3x3_Pipeline_Clear_Row_Loop|  return value|
|ap_idle                      |  out|    1|  ap_ctrl_hs|  xFSobelFilter3x3_Pipeline_Clear_Row_Loop|  return value|
|ap_ready                     |  out|    1|  ap_ctrl_hs|  xFSobelFilter3x3_Pipeline_Clear_Row_Loop|  return value|
|grayImg_data_dout            |   in|    8|     ap_fifo|                              grayImg_data|       pointer|
|grayImg_data_num_data_valid  |   in|    2|     ap_fifo|                              grayImg_data|       pointer|
|grayImg_data_fifo_cap        |   in|    2|     ap_fifo|                              grayImg_data|       pointer|
|grayImg_data_empty_n         |   in|    1|     ap_fifo|                              grayImg_data|       pointer|
|grayImg_data_read            |  out|    1|     ap_fifo|                              grayImg_data|       pointer|
|buf_1_address1               |  out|   11|   ap_memory|                                     buf_1|         array|
|buf_1_ce1                    |  out|    1|   ap_memory|                                     buf_1|         array|
|buf_1_we1                    |  out|    1|   ap_memory|                                     buf_1|         array|
|buf_1_d1                     |  out|    8|   ap_memory|                                     buf_1|         array|
|buf_r_address1               |  out|   11|   ap_memory|                                     buf_r|         array|
|buf_r_ce1                    |  out|    1|   ap_memory|                                     buf_r|         array|
|buf_r_we1                    |  out|    1|   ap_memory|                                     buf_r|         array|
|buf_r_d1                     |  out|    8|   ap_memory|                                     buf_r|         array|
+-----------------------------+-----+-----+------------+------------------------------------------+--------------+

